src/components/CreateIntlShipmentForm.tsx(580,14): error TS2304: Cannot find name 'Stepper'.
