
> pathxpress@1.0.0 check
> tsc --noEmit

client/src/pages/portal/AdminDashboard.tsx(262,9): error TS2561: Object literal may only specify known properties, but 'fodAllowed' does not exist in type '{ token: string; clientId: number; codAllowed: boolean; codFeePercent?: string | undefined; codMinFee?: string | undefined; codMaxFee?: string | undefined; fodFee?: string | undefined; ... 4 more ...; intlDiscountPercent?: string | undefined; }'. Did you mean to write 'codAllowed'?
client/src/pages/portal/CustomerDashboard.tsx(1469,9): error TS2322: Type '"DOM" | "SDD" | "BULLET"' is not assignable to type '"DOM" | "SDD"'.
  Type '"BULLET"' is not assignable to type '"DOM" | "SDD"'.
server/db.ts(1520,11): error TS2769: No overload matches this call.
  Overload 1 of 3, '(left: MySqlColumn<{ name: "serviceType"; tableName: "rateTiers"; dataType: "string"; columnType: "MySqlEnumColumn"; data: "DOM" | "SDD"; driverParam: string; notNull: true; hasDefault: false; isPrimaryKey: false; ... 5 more ...; generated: undefined; }, {}, {}>, right: SQLWrapper | ... 1 more ... | "SDD"): SQL<...>', gave the following error.
    Argument of type '"DOM" | "SDD" | "BULLET"' is not assignable to parameter of type 'SQLWrapper | "DOM" | "SDD"'.
      Type '"BULLET"' is not assignable to type 'SQLWrapper | "DOM" | "SDD"'.
  Overload 2 of 3, '(left: Aliased<"DOM" | "SDD" | "BULLET">, right: SQLWrapper | "DOM" | "SDD" | "BULLET"): SQL<unknown>', gave the following error.
    Argument of type 'MySqlColumn<{ name: "serviceType"; tableName: "rateTiers"; dataType: "string"; columnType: "MySqlEnumColumn"; data: "DOM" | "SDD"; driverParam: string; notNull: true; hasDefault: false; isPrimaryKey: false; ... 5 more ...; generated: undefined; }, {}, {}>' is not assignable to parameter of type 'Aliased<"DOM" | "SDD" | "BULLET">'.
      Type 'MySqlColumn<{ name: "serviceType"; tableName: "rateTiers"; dataType: "string"; columnType: "MySqlEnumColumn"; data: "DOM" | "SDD"; driverParam: string; notNull: true; hasDefault: false; isPrimaryKey: false; ... 5 more ...; generated: undefined; }, {}, {}>' is missing the following properties from type 'Aliased<"DOM" | "SDD" | "BULLET">': sql, fieldAlias
  Overload 3 of 3, '(left: never, right: unknown): SQL<unknown>', gave the following error.
    Argument of type 'MySqlColumn<{ name: "serviceType"; tableName: "rateTiers"; dataType: "string"; columnType: "MySqlEnumColumn"; data: "DOM" | "SDD"; driverParam: string; notNull: true; hasDefault: false; isPrimaryKey: false; ... 5 more ...; generated: undefined; }, {}, {}>' is not assignable to parameter of type 'never'.
server/db.ts(1542,11): error TS2769: No overload matches this call.
  Overload 1 of 3, '(left: MySqlColumn<{ name: "serviceType"; tableName: "rateTiers"; dataType: "string"; columnType: "MySqlEnumColumn"; data: "DOM" | "SDD"; driverParam: string; notNull: true; hasDefault: false; isPrimaryKey: false; ... 5 more ...; generated: undefined; }, {}, {}>, right: SQLWrapper | ... 1 more ... | "SDD"): SQL<...>', gave the following error.
    Argument of type '"DOM" | "SDD" | "BULLET"' is not assignable to parameter of type 'SQLWrapper | "DOM" | "SDD"'.
      Type '"BULLET"' is not assignable to type 'SQLWrapper | "DOM" | "SDD"'.
  Overload 2 of 3, '(left: Aliased<"DOM" | "SDD" | "BULLET">, right: SQLWrapper | "DOM" | "SDD" | "BULLET"): SQL<unknown>', gave the following error.
    Argument of type 'MySqlColumn<{ name: "serviceType"; tableName: "rateTiers"; dataType: "string"; columnType: "MySqlEnumColumn"; data: "DOM" | "SDD"; driverParam: string; notNull: true; hasDefault: false; isPrimaryKey: false; ... 5 more ...; generated: undefined; }, {}, {}>' is not assignable to parameter of type 'Aliased<"DOM" | "SDD" | "BULLET">'.
      Type 'MySqlColumn<{ name: "serviceType"; tableName: "rateTiers"; dataType: "string"; columnType: "MySqlEnumColumn"; data: "DOM" | "SDD"; driverParam: string; notNull: true; hasDefault: false; isPrimaryKey: false; ... 5 more ...; generated: undefined; }, {}, {}>' is missing the following properties from type 'Aliased<"DOM" | "SDD" | "BULLET">': sql, fieldAlias
  Overload 3 of 3, '(left: never, right: unknown): SQL<unknown>', gave the following error.
    Argument of type 'MySqlColumn<{ name: "serviceType"; tableName: "rateTiers"; dataType: "string"; columnType: "MySqlEnumColumn"; data: "DOM" | "SDD"; driverParam: string; notNull: true; hasDefault: false; isPrimaryKey: false; ... 5 more ...; generated: undefined; }, {}, {}>' is not assignable to parameter of type 'never'.
server/portalRouters.ts(3149,29): error TS2551: Property 'fodAllowed' does not exist on type '{ token: string; clientId: number; codAllowed: boolean; codFeePercent?: string | undefined; codMinFee?: string | undefined; codMaxFee?: string | undefined; fodFee?: string | undefined; ... 4 more ...; intlDiscountPercent?: string | undefined; }'. Did you mean 'codAllowed'?
